$ENTRY Go {
	= <Prout '2..4 digit-numbers:'><Run <Mount 'rbc.html'>>;
}


Template nonum ::= s.s, $not s.s : {'1'|'2'|'3'|'4'|'5'|'6'|'7'|'8'|'9'|'0'} ;

Run {

	e.1 {'1'|'2'|'3'|'4'|'5'|'6'|'7'|'8'|'9'|'0'}[2..4].num nonum. '2' E.3
	=	<Prout @.num><Run '2' E.3>;
	e.e = <Prout '****'>;


}