/*
  Простейшая порверка работы ссылок
*/

Template Lett ::= {'0'|'1'|'2'} ;
Template Letters ::= { Lett. | Lett. Letters. } ;

Template Contajner ::= '[' Letters.body ']' ;


//$ENTRY Go { = <Work <Run '[12][123]'>>};
$ENTRY Go { = <Work <Run '00[1]00[11]00[222]000[222]000'>>};
//$ENTRY Go { = <Work <Run '1[23456]7'>>};

Run {
      e. Contajner.c E.next =  &Contajner.c <Run @.next>;
      e. = ;
}

Work {
	e. &Contajner.c e. &Contajner.c e. = <Prout 'Dowble: ' Contajner.c::body> &Contajner.c ( Contajner.c );
	e.else = e.else <Prout 'no same'>;
}

