$ENTRY Go{ = <Ud <Card>>
}
Ud {0 = ;
e.1' 'e.2 = <qia (<Vert e.1>)(e.2)><Ud e.2>;
e.1 =;
}

qia {
(e.1)(e.1' 'e.2) = <Print <Vert e.1>>;
(e.1)(e.2' 'e.1' 'e.3) = <Print <Vert e.1>>;
(e.1)(e.2' 'e.1) = <Print <Vert e.1>>;
(e.1)(e.1) = <Print <Vert e.1>>;
e.1 = e.1;
}

Vert {s.1 = s.1;
s.1 e.2 s.3 = s.3 <Vert e.2> s.1;
e.1 = e.1;
}
