* Функция Fact вычисляет произведение чисел от 1 до sN
*   Здесь используются краткие обозначения для
*   встроенных арифметических функций
$ENTRY Fact {
               e.all,
		e.all : 0 = 1;
               s.N = <Mul s.N <Fact <Dec s.N 1>>>;
            }

* Головной модуль для вызова функции Fact
*   Здесь используются расширения Рефала,
*   а также встроенные функции ввода-вывода
*   и преобразований символов
$ENTRY Go {
= <Prout <Fact 10>>;
          }